Signup request received at 2025-06-08 00:30:53:
Array
(
    [id_number] => 0123456789
    [first_name] => jospin 
    [last_name] => pino
    [phone] => 123456789525
    [dob] => 2025-06-05
    [email] => hfff@nbv.com
    [address] => bvgf
    [password] => Pino123@
)

Email or ID number already registered
Signup request received at 2025-06-08 00:33:39:
Array
(
    [id_number] => op 152655
    [first_name] => Gretta
    [last_name] => Aya
    [phone] => 0987456321
    [dob] => 2017-02-02
    [email] => grettaaya@pino.com
    [address] => karen, 22
    [password] => GrettaAya123@
)

User registered: grettaaya@pino.com
Signup request received at 2025-06-08 00:33:59:
Array
(
    [id_number] => op 152655
    [first_name] => Gretta
    [last_name] => Aya
    [phone] => 0987456321
    [dob] => 2017-02-02
    [email] => grettaaya@pino.com
    [address] => karen
    [password] => GrettaAya123@
)

Email or ID number already registered
Signup request received at 2025-06-08 00:35:14:
Array
(
    [id_number] => 9876543210
    [first_name] => Gretta
    [last_name] => Aya
    [phone] => 0704247032
    [dob] => 2017-02-02
    [email] => grettaaya@gretta.com
    [address] => karene
    [password] => GrettaAya123@
)

User registered: grettaaya@gretta.com
Signup request received at 2025-06-08 01:01:20:
Array
(
    [id_number] => 0147258369
    [first_name] => libre
    [last_name] => pino
    [phone] => 0704247032
    [dob] => 2025-06-07
    [email] => mobateli@gmail.com
    [address] => rongai
    [password] => Mobateli123@
)

User registered: mobateli@gmail.com
[08-Jun-2025 01:01:20 UTC] PHP Fatal error:  Uncaught Error: Undefined constant "APP_URL" in /var/www/html/EvisaProject/Backend/signup.php:103
Stack trace:
#0 {main}
  thrown in /var/www/html/EvisaProject/Backend/signup.php on line 103
Signup request received at 2025-06-08 01:02:46:
Array
(
    [id_number] => 0147258369
    [first_name] => libre
    [last_name] => pino
    [phone] => 0704247032
    [dob] => 2025-06-07
    [email] => mobateli@gmail.com
    [address] => rongai
    [password] => Mobateli123@
)

Email or ID number already registered
Signup request received at 2025-06-09 22:23:16:
Array
(
    [id_number] => 0704247032
    [first_name] => ivan
    [last_name] => muhindo
    [phone] => 0704247032
    [dob] => 2025-06-01
    [email] => ivan@muhindo.com
    [address] => rongai
    [role] => Applicant
    [password] => muhindo243
)

User registered: ivan@muhindo.com
[09-Jun-2025 22:23:18 UTC] PHP Fatal error:  Uncaught Error: Undefined constant "APP_URL" in /var/www/html/EvisaProject/Backend/signup.php:103
Stack trace:
#0 {main}
  thrown in /var/www/html/EvisaProject/Backend/signup.php on line 103
